
> laspa-dashboard@0.1.0 build
> next build

Γû▓ Next.js 16.1.6 (Turbopack)
- Environments: .env

  Creating an optimized production build ...
Γ£ô Compiled successfully in 18.6s
  Running TypeScript ...
node.exe : Failed to 
compile.
At line:1 char:1
+ & "C:\Program 
Files\nodejs/node.exe" 
"C:\Program 
Files\nodejs/node_mo ...
+ ~~~~~~~~~~~~~~~~~~~~~~~~
~~~~~~~~~~~~~~~~~~~~~~~~~~
~~~~~~~~~~~~~~~~~~~
    + CategoryInfo        
      : NotSpecified: (F  
  ailed to compile.:Str   
 ing) [], RemoteExcept    
ion
    + FullyQualifiedError 
   Id : NativeCommandErr  
  or
 

./scripts/scheduled-export
.ts:3:30
Type error: Cannot find 
module '@prisma/client' 
or its corresponding type 
declarations.

[0m [90m 1 |[39m 
[90m// scripts/scheduled-
export.ts[39m
 [90m 2 |[39m 
[36mimport[39m [32m'dot
env/config'[39m[33m;[39
m
[31m[1m>[22m[39m[90m 
3 |[39m [36mimport[39m 
{ [33mPrismaClient[39m 
} [36mfrom[39m [32m'@pr
isma/client'[39m[33m;[3
9m
 [90m   |[39m           
                   
[31m[1m^[22m[39m
 [90m 4 |[39m 
[36mimport[39m { 
[33mPrismaPg[39m } 
[36mfrom[39m [32m'@pris
ma/adapter-pg'[39m[33m;
[39m
 [90m 5 |[39m 
[36mimport[39m { 
[33mPool[39m } 
[36mfrom[39m 
[32m'pg'[39m[33m;[39m
 [90m 6 |[39m 
[36mimport[39m 
nodemailer [36mfrom[39m 
[32m'nodemailer'[39m[33
m;[39m[0m
Next.js build worker 
exited with code: 1 and 
signal: null
