src/components/dashboard/RevenueChart.tsx(46,29): error TS2322: Type '(value: number) => [string, "Revenue"]' is not assignable to type 'Formatter<number, "Revenue"> & ((value: number, name: "Revenue", item: Payload<number, "Revenue">, index: number, payload: Payload<number, "Revenue">[]) => ReactNode | [...])'.
  Type '(value: number) => [string, "Revenue"]' is not assignable to type 'Formatter<number, "Revenue">'.
    Types of parameters 'value' and 'value' are incompatible.
      Type 'number | undefined' is not assignable to type 'number'.
        Type 'undefined' is not assignable to type 'number'.
