src/app/api/top-zones/route.ts(3,25): error TS2307: Cannot find module '@prisma/client/runtime/library' or its corresponding type declarations.
src/app/api/transactions/route.ts(29,20): error TS2339: Property 'bay' does not exist on type '{ id: number; createdAt: Date; customerId: number; status: TicketStatus; bayId: number; transactionRef: string; channel: string; amountPaid: Decimal; durationHours: number; ... 6 more ...; agentId: number | null; }'.
src/app/staff/page.tsx(21,66): error TS2322: Type '{ id: number; email: string; firstName: string; lastName: string; role: StaffRole; createdAt: Date; updatedAt: Date; phoneNumber: string; accountStatus: AccountStatus; }[]' is not assignable to type 'Staff[]'.
  Type '{ id: number; email: string; firstName: string; lastName: string; role: StaffRole; createdAt: Date; updatedAt: Date; phoneNumber: string; accountStatus: AccountStatus; }' is missing the following properties from type 'Staff': isActive, lastActiveAt, passwordHash
